// Jest Snapshot v1, https://goo.gl/fbAQLP

exports[`film Sort component renders without crashing 1`] = `""`;
