// Jest Snapshot v1, https://goo.gl/fbAQLP

exports[`Header  component renders without crashing 1`] = `
<div
  className="header"
>
  <div
    className="wrapper"
  >
    <Search />
  </div>
</div>
`;
